{
    "apiVersion": "monitoring.coreos.com/v1",
    "kind": "ServiceMonitor",
    "metadata": {
        "annotations": {
            "service.beta.openshift.io/serving-cert-secret-name": "speaker-certs-secret"
        },
        "labels": {
            "app": "metallb",
            "app.kubernetes.io/managed-by": "Helm",
            "app.kubernetes.io/version": "v0.0.0",
            "component": "speaker",
            "helm.sh/chart": "metallb-0.0.0"
        },
        "name": "speaker-monitor",
        "namespace": "metallb-test-namespace"
    },
    "spec": {
        "endpoints": [
            {
                "honorLabels": true,
                "port": "metricshttps",
                "scheme": "https",
                "tlsConfig": {
                    "ca": {
                        "configMap": {
                            "key": "service-ca.crt",
                            "name": "openshift-service-ca.crt"
                        }
                    },
                    "cert": {
                        "secret": {
                            "key": "tls.crt",
                            "name": "speaker-certs-secret"
                        }
                    },
                    "insecureSkipVerify": false,
                    "keySecret": {
                        "key": "tls.key",
                        "name": "speaker-certs-secret"
                    },
                    "serverName": "speaker-monitor-service.metallb-test-namespace.svc"
                }
            },
            {
                "honorLabels": true,
                "port": "frrmetricshttps",
                "scheme": "https",
                "tlsConfig": {
                    "ca": {
                        "configMap": {
                            "key": "service-ca.crt",
                            "name": "openshift-service-ca.crt"
                        }
                    },
                    "cert": {
                        "secret": {
                            "key": "tls.crt",
                            "name": "speaker-certs-secret"
                        }
                    },
                    "insecureSkipVerify": false,
                    "keySecret": {
                        "key": "tls.key",
                        "name": "speaker-certs-secret"
                    },
                    "serverName": "speaker-monitor-service.metallb-test-namespace.svc"
                }
            }
        ],
        "jobLabel": "app.kubernetes.io/name",
        "namespaceSelector": {
            "matchNames": [
                "metallb-test-namespace"
            ]
        },
        "selector": {
            "matchLabels": {
                "name": "speaker-monitor-service"
            }
        }
    }
}