peers:
- my-asn: 23
  peer-asn: 24
  peer-address: 192.168.1.1
  source-address: 192.168.1.2
  peer-port: 1234
  hold-time: 1s
  router-id: abcd
  node-selectors:
  - match-labels:
      foo: bar
    match-expressions:
    - key: k1
      operator: op1
      values:
      - val1
      - val2
      - val3
  - match-labels:
      foo1: bar1
  password: topsecret
- my-asn: 25
  peer-asn: 26
  peer-address: 192.168.2.1
  source-address: 192.168.2.2
address-pools:
- protocol: bgp
  name: test-addresspool1
  addresses:
  - 1.1.1.1-1.1.1.100
